------------------------------------------------------------
TimeQuest Timing Analyzer Summary
------------------------------------------------------------

Type  : Slow 1200mV 85C Model Setup 'pll|altpll_component|auto_generated|pll1|clk[0]'
Slack : -63.596
TNS   : -1697.510

Type  : Slow 1200mV 85C Model Hold 'pll|altpll_component|auto_generated|pll1|clk[0]'
Slack : 0.361
TNS   : 0.000

Type  : Slow 1200mV 85C Model Minimum Pulse Width 'pll|altpll_component|auto_generated|pll1|clk[0]'
Slack : 9.716
TNS   : 0.000

Type  : Slow 1200mV 85C Model Minimum Pulse Width 'SYS_CLK_12MHz'
Slack : 41.533
TNS   : 0.000

Type  : Slow 1200mV 0C Model Setup 'pll|altpll_component|auto_generated|pll1|clk[0]'
Slack : -56.976
TNS   : -1476.715

Type  : Slow 1200mV 0C Model Hold 'pll|altpll_component|auto_generated|pll1|clk[0]'
Slack : 0.323
TNS   : 0.000

Type  : Slow 1200mV 0C Model Minimum Pulse Width 'pll|altpll_component|auto_generated|pll1|clk[0]'
Slack : 9.682
TNS   : 0.000

Type  : Slow 1200mV 0C Model Minimum Pulse Width 'SYS_CLK_12MHz'
Slack : 41.396
TNS   : 0.000

Type  : Fast 1200mV 0C Model Setup 'pll|altpll_component|auto_generated|pll1|clk[0]'
Slack : -11.511
TNS   : -146.923

Type  : Fast 1200mV 0C Model Hold 'pll|altpll_component|auto_generated|pll1|clk[0]'
Slack : 0.152
TNS   : 0.000

Type  : Fast 1200mV 0C Model Minimum Pulse Width 'pll|altpll_component|auto_generated|pll1|clk[0]'
Slack : 9.739
TNS   : 0.000

Type  : Fast 1200mV 0C Model Minimum Pulse Width 'SYS_CLK_12MHz'
Slack : 41.197
TNS   : 0.000

------------------------------------------------------------
