------------------------------------------------------------
TimeQuest Timing Analyzer Summary
------------------------------------------------------------

Type  : Slow 1200mV 85C Model Setup 'pll|altpll_component|auto_generated|pll1|clk[0]'
Slack : -63.541
TNS   : -1735.862

Type  : Slow 1200mV 85C Model Setup 'AC_MOTOR:inst2|ADC_LATCH'
Slack : -7.104
TNS   : -88.313

Type  : Slow 1200mV 85C Model Hold 'pll|altpll_component|auto_generated|pll1|clk[0]'
Slack : -0.727
TNS   : -0.727

Type  : Slow 1200mV 85C Model Hold 'AC_MOTOR:inst2|ADC_LATCH'
Slack : 0.589
TNS   : 0.000

Type  : Slow 1200mV 85C Model Recovery 'AC_MOTOR:inst2|ADC_LATCH'
Slack : -5.271
TNS   : -62.990

Type  : Slow 1200mV 85C Model Removal 'AC_MOTOR:inst2|ADC_LATCH'
Slack : 1.953
TNS   : 0.000

Type  : Slow 1200mV 85C Model Minimum Pulse Width 'AC_MOTOR:inst2|ADC_LATCH'
Slack : 0.354
TNS   : 0.000

Type  : Slow 1200mV 85C Model Minimum Pulse Width 'pll|altpll_component|auto_generated|pll1|clk[0]'
Slack : 9.701
TNS   : 0.000

Type  : Slow 1200mV 85C Model Minimum Pulse Width 'SYS_CLK_12MHz'
Slack : 41.533
TNS   : 0.000

Type  : Slow 1200mV 0C Model Setup 'pll|altpll_component|auto_generated|pll1|clk[0]'
Slack : -56.938
TNS   : -1517.123

Type  : Slow 1200mV 0C Model Setup 'AC_MOTOR:inst2|ADC_LATCH'
Slack : -6.723
TNS   : -82.572

Type  : Slow 1200mV 0C Model Hold 'pll|altpll_component|auto_generated|pll1|clk[0]'
Slack : -0.735
TNS   : -0.735

Type  : Slow 1200mV 0C Model Hold 'AC_MOTOR:inst2|ADC_LATCH'
Slack : 0.519
TNS   : 0.000

Type  : Slow 1200mV 0C Model Recovery 'AC_MOTOR:inst2|ADC_LATCH'
Slack : -5.008
TNS   : -59.412

Type  : Slow 1200mV 0C Model Removal 'AC_MOTOR:inst2|ADC_LATCH'
Slack : 1.839
TNS   : 0.000

Type  : Slow 1200mV 0C Model Minimum Pulse Width 'AC_MOTOR:inst2|ADC_LATCH'
Slack : 0.242
TNS   : 0.000

Type  : Slow 1200mV 0C Model Minimum Pulse Width 'pll|altpll_component|auto_generated|pll1|clk[0]'
Slack : 9.671
TNS   : 0.000

Type  : Slow 1200mV 0C Model Minimum Pulse Width 'SYS_CLK_12MHz'
Slack : 41.396
TNS   : 0.000

Type  : Fast 1200mV 0C Model Setup 'pll|altpll_component|auto_generated|pll1|clk[0]'
Slack : -11.770
TNS   : -153.340

Type  : Fast 1200mV 0C Model Setup 'AC_MOTOR:inst2|ADC_LATCH'
Slack : -2.025
TNS   : -24.804

Type  : Fast 1200mV 0C Model Hold 'pll|altpll_component|auto_generated|pll1|clk[0]'
Slack : -0.356
TNS   : -0.356

Type  : Fast 1200mV 0C Model Hold 'AC_MOTOR:inst2|ADC_LATCH'
Slack : -0.057
TNS   : -0.057

Type  : Fast 1200mV 0C Model Recovery 'AC_MOTOR:inst2|ADC_LATCH'
Slack : -1.554
TNS   : -17.918

Type  : Fast 1200mV 0C Model Removal 'AC_MOTOR:inst2|ADC_LATCH'
Slack : 0.513
TNS   : 0.000

Type  : Fast 1200mV 0C Model Minimum Pulse Width 'AC_MOTOR:inst2|ADC_LATCH'
Slack : 0.363
TNS   : 0.000

Type  : Fast 1200mV 0C Model Minimum Pulse Width 'pll|altpll_component|auto_generated|pll1|clk[0]'
Slack : 9.744
TNS   : 0.000

Type  : Fast 1200mV 0C Model Minimum Pulse Width 'SYS_CLK_12MHz'
Slack : 41.197
TNS   : 0.000

------------------------------------------------------------
